--------- beginning of main
03-15 07:53:16.394 D/MDnsDS  (  238): MDnsSdListener::Monitor poll timed out
03-15 07:53:16.394 D/MDnsDS  (  238): Going to poll with pollCount 1
03-15 07:53:20.592 D/AndroidRuntime(20387): >>>>>> START com.android.internal.os.RuntimeInit uid 2000 <<<<<<
03-15 07:53:20.595 D/AndroidRuntime(20387): CheckJNI is OFF
03-15 07:53:20.643 D/ICU     (20387): No timezone override file found: /data/misc/zoneinfo/current/icu/icu_tzdata.dat
03-15 07:53:20.670 I/Radio-JNI(20387): register_android_hardware_Radio DONE
03-15 07:53:20.686 D/AndroidRuntime(20387): Calling main entry com.android.commands.am.Am
--------- beginning of system
03-15 07:53:20.689 I/ActivityManager(  572): Force stopping com.zsl.simpleplayer appid=10078 user=0: from pid 20387
03-15 07:53:20.689 I/ActivityManager(  572): Killing 10067:com.zsl.simpleplayer/u0a78 (adj 0): stop com.zsl.simpleplayer
03-15 07:53:20.691 W/ActivityManager(  572): Force removing ActivityRecord{111fa92 u0 com.zsl.simpleplayer/.FileBrowser t380}: app died, no saved state
03-15 07:53:20.694 I/WindowManager(  572): Destroying surface Surface(name=com.zsl.simpleplayer/com.zsl.simpleplayer.FileBrowser) called by com.android.server.wm.WindowStateAnimator.destroySurface:2014 com.android.server.wm.WindowStateAnimator.destroySurfaceLocked:881 com.android.server.wm.WindowState.removeLocked:1449 com.android.server.wm.WindowManagerService.removeWindowInnerLocked:2478 com.android.server.wm.WindowManagerService.removeWindowLocked:2436 com.android.server.wm.WindowManagerService.removeWindowLocked:2305 com.android.server.wm.AppWindowToken.removeAllWindows:530 com.android.server.wm.AppWindowToken.removeAppFromTaskLocked:326 
03-15 07:53:20.703 D/AndroidRuntime(20387): Shutting down VM
03-15 07:53:20.707 E/PhoneInterfaceManager(  773): [PhoneIntfMgr] getCarrierPackageNamesForIntent: No UICC
03-15 07:53:20.707 D/CarrierSvcBindHelper(  773): No carrier app for: 0
03-15 07:53:20.712 D/RegisteredNfcFServicesCache(  949): Service unchanged, not updating
03-15 07:53:20.715 D/GraphicsStats(  572): Buffer count: 3
03-15 07:53:22.607 D/AndroidRuntime(20397): >>>>>> START com.android.internal.os.RuntimeInit uid 2000 <<<<<<
03-15 07:53:22.611 D/AndroidRuntime(20397): CheckJNI is OFF
03-15 07:53:22.660 D/ICU     (20397): No timezone override file found: /data/misc/zoneinfo/current/icu/icu_tzdata.dat
03-15 07:53:22.687 I/Radio-JNI(20397): register_android_hardware_Radio DONE
03-15 07:53:22.702 D/AndroidRuntime(20397): Calling main entry com.android.commands.pm.Pm
03-15 07:53:22.709 I/art     (20397): System.exit called, status: 0
03-15 07:53:22.709 I/AndroidRuntime(20397): VM exiting with result code 0.
03-15 07:53:22.710 W/MessageQueue(20397): Handler (android.os.Handler) {d444cc} sending message to a Handler on a dead thread
03-15 07:53:22.710 W/MessageQueue(20397): java.lang.IllegalStateException: Handler (android.os.Handler) {d444cc} sending message to a Handler on a dead thread
03-15 07:53:22.710 W/MessageQueue(20397): 	at android.os.MessageQueue.enqueueMessage(MessageQueue.java:543)
03-15 07:53:22.710 W/MessageQueue(20397): 	at android.os.Handler.enqueueMessage(Handler.java:643)
03-15 07:53:22.710 W/MessageQueue(20397): 	at android.os.Handler.sendMessageAtTime(Handler.java:612)
03-15 07:53:22.710 W/MessageQueue(20397): 	at android.os.Handler.sendMessageDelayed(Handler.java:582)
03-15 07:53:22.710 W/MessageQueue(20397): 	at android.os.Handler.post(Handler.java:338)
03-15 07:53:22.710 W/MessageQueue(20397): 	at android.os.ResultReceiver$MyResultReceiver.send(ResultReceiver.java:57)
03-15 07:53:22.710 W/MessageQueue(20397): 	at com.android.internal.os.IResultReceiver$Stub.onTransact(IResultReceiver.java:58)
03-15 07:53:22.710 W/MessageQueue(20397): 	at android.os.Binder.execTransact(Binder.java:565)
03-15 07:53:23.010 D/AndroidRuntime(20409): >>>>>> START com.android.internal.os.RuntimeInit uid 2000 <<<<<<
03-15 07:53:23.014 D/AndroidRuntime(20409): CheckJNI is OFF
03-15 07:53:23.062 D/ICU     (20409): No timezone override file found: /data/misc/zoneinfo/current/icu/icu_tzdata.dat
03-15 07:53:23.089 I/Radio-JNI(20409): register_android_hardware_Radio DONE
03-15 07:53:23.105 D/AndroidRuntime(20409): Calling main entry com.android.commands.am.Am
03-15 07:53:23.108 D/AndroidRuntime(20409): Shutting down VM
03-15 07:53:31.733 D/AndroidRuntime(20419): >>>>>> START com.android.internal.os.RuntimeInit uid 2000 <<<<<<
03-15 07:53:31.737 D/AndroidRuntime(20419): CheckJNI is OFF
03-15 07:53:31.798 D/ICU     (20419): No timezone override file found: /data/misc/zoneinfo/current/icu/icu_tzdata.dat
03-15 07:53:31.833 I/Radio-JNI(20419): register_android_hardware_Radio DONE
03-15 07:53:31.848 D/AndroidRuntime(20419): Calling main entry com.android.commands.wm.Wm
03-15 07:53:31.850 D/AndroidRuntime(20419): Shutting down VM
03-15 07:53:31.968 D/AndroidRuntime(20427): >>>>>> START com.android.internal.os.RuntimeInit uid 2000 <<<<<<
03-15 07:53:31.973 D/AndroidRuntime(20427): CheckJNI is OFF
03-15 07:53:32.024 D/ICU     (20427): No timezone override file found: /data/misc/zoneinfo/current/icu/icu_tzdata.dat
03-15 07:53:32.051 I/Radio-JNI(20427): register_android_hardware_Radio DONE
03-15 07:53:32.068 D/AndroidRuntime(20427): Calling main entry com.android.commands.pm.Pm
03-15 07:53:32.095 I/        (  232): free_cache(3917187) avail 17558609920
03-15 07:53:32.332 I/PackageManager.DexOptimizer(  572): Running dexopt (dex2oat) on: /data/app/vmdl1709309509.tmp/base.apk pkg=com.zsl.simpleplayer isa=arm vmSafeMode=false debuggable=true target-filter=interpret-only oatDir = /data/app/vmdl1709309509.tmp/oat sharedLibraries=null
03-15 07:53:32.369 I/dex2oat (20446): /system/bin/dex2oat --compiler-filter=interpret-only --debuggable
03-15 07:53:32.911 I/dex2oat (20446): dex2oat took 542.676ms (threads: 2) arena alloc=4KB (4232B) java alloc=1159KB (1187696B) native alloc=1987KB (2035600B) free=1596KB (1634416B)
03-15 07:53:32.918 I/ActivityManager(  572): Force stopping com.zsl.simpleplayer appid=10078 user=-1: installPackageLI
03-15 07:53:32.992 D/installd(  232): Found valid user 10
03-15 07:53:32.989 W/PackageManager(  598): type=1400 audit(0.0:128): avc: denied { read } for name="foreign-dex" dev="dm-0" ino=7817 scontext=u:r:system_server:s0 tcontext=u:object_r:user_profile_data_file:s0 tclass=dir permissive=0
03-15 07:53:32.995 I/PackageManager(  572): Package com.zsl.simpleplayer codePath changed from /data/app/com.zsl.simpleplayer-2 to /data/app/com.zsl.simpleplayer-1; Retaining data and using new
03-15 07:53:32.995 W/PackageManager(  572): Code path for com.zsl.simpleplayer changing from /data/app/com.zsl.simpleplayer-2 to /data/app/com.zsl.simpleplayer-1
03-15 07:53:32.995 W/PackageManager(  572): Resource path for com.zsl.simpleplayer changing from /data/app/com.zsl.simpleplayer-2 to /data/app/com.zsl.simpleplayer-1
03-15 07:53:33.104 I/art     (  572): Starting a blocking GC Explicit
03-15 07:53:33.155 I/art     (  572): Explicit concurrent mark sweep GC freed 91918(4MB) AllocSpace objects, 13(276KB) LOS objects, 33% free, 14MB/21MB, paused 766us total 51.022ms
03-15 07:53:33.164 E/        (  232): Couldn't opendir /data/app/vmdl1709309509.tmp: No such file or directory
03-15 07:53:33.166 I/ActivityManager(  572): Force stopping com.zsl.simpleplayer appid=10078 user=0: pkg removed
03-15 07:53:33.171 W/ActivityManager(  572): Skipping broadcast of Intent { act=android.intent.action.PACKAGE_REMOVED dat=package:com.zsl.simpleplayer flg=0x4000010 (has extras) }: user 10 is stopped
03-15 07:53:33.173 W/ActivityManager(  572): Skipping broadcast of Intent { act=android.intent.action.PACKAGE_ADDED dat=package:com.zsl.simpleplayer flg=0x4000010 (has extras) }: user 10 is stopped
03-15 07:53:33.174 W/ActivityManager(  572): Skipping broadcast of Intent { act=android.intent.action.PACKAGE_REPLACED dat=package:com.zsl.simpleplayer flg=0x4000010 (has extras) }: user 10 is stopped
03-15 07:53:33.174 W/ActivityManager(  572): Skipping broadcast of Intent { act=android.intent.action.MY_PACKAGE_REPLACED flg=0x4000010 pkg=com.zsl.simpleplayer (has extras) }: user 10 is stopped
03-15 07:53:33.196 I/art     (20427): System.exit called, status: 0
03-15 07:53:33.196 I/AndroidRuntime(20427): VM exiting with result code 0.
03-15 07:53:33.212 I/ActivityManager(  572): Start proc 20450:com.android.gallery3d/u0a38 for broadcast com.android.gallery3d/.app.PackagesMonitor
03-15 07:53:33.212 I/InputReader(  572): Reconfiguring input devices.  changes=0x00000010
03-15 07:53:33.214 I/InputReader(  572): Reconfiguring input devices.  changes=0x00000010
03-15 07:53:33.214 I/InputReader(  572): Reconfiguring input devices.  changes=0x00000010
03-15 07:53:33.241 D/RegisteredNfcFServicesCache(  949): Service unchanged, not updating
03-15 07:53:33.242 E/PhoneInterfaceManager(  773): [PhoneIntfMgr] getCarrierPackageNamesForIntent: No UICC
03-15 07:53:33.242 D/CarrierSvcBindHelper(  773): No carrier app for: 0
03-15 07:53:33.242 E/PhoneInterfaceManager(  773): [PhoneIntfMgr] getCarrierPackageNamesForIntent: No UICC
03-15 07:53:33.242 D/CarrierSvcBindHelper(  773): No carrier app for: 0
03-15 07:53:33.243 D/CarrierConfigLoader(  773): mHandler: 9 phoneId: 0
03-15 07:53:33.341 I/RequestAddCookies( 1657): Cookie store not available in HTTP context
03-15 07:53:33.352 W/VoiceInteractionManagerService(  572): no available voice recognition services found for user 0
03-15 07:53:33.352 W/LocationProviderProxy-network(  572): Odd, no component found for service com.android.location.service.v3.NetworkLocationProvider
03-15 07:53:33.352 W/GeocoderProxy(  572): Odd, no component found for service com.android.location.service.GeocodeProvider
03-15 07:53:33.352 W/GeofenceProxy(  572): Odd, no component found for service com.android.location.service.GeofenceProvider
03-15 07:53:33.352 W/ActivityRecognitionProxy(  572): Odd, no component found for service com.android.location.service.ActivityRecognitionProvider
03-15 07:53:33.358 W/PackageParser( 1657): Unknown element under <application>: uses-sdk at /storage/emulated/0/Android/data/com.wandoujia.phoenix2/cache/e9e36165a2e2220229dbda18c7dbe139.apk Binary XML file line #2017
03-15 07:53:33.361 I/DefaultRequestDirector( 1657): I/O exception (java.net.SocketException) caught when processing request: Broken pipe
03-15 07:53:33.361 I/DefaultRequestDirector( 1657): Retrying request
03-15 07:53:33.391 I/art     (20450): Starting a blocking GC AddRemoveAppImageSpace
03-15 07:53:33.455 I/ActivityManager(  572): Start proc 20472:com.android.keychain/1000 for broadcast com.android.keychain/.KeyChainBroadcastReceiver
03-15 07:53:33.568 I/art     (20472): Starting a blocking GC AddRemoveAppImageSpace
03-15 07:53:33.571 W/System  (20472): ClassLoader referenced unknown path: /system/app/KeyChain/lib/arm64
03-15 07:53:33.605 W/ContextImpl(20472): Calling a method in the system process without a qualified user: android.app.ContextImpl.startService:1385 android.content.ContextWrapper.startService:613 android.content.ContextWrapper.startService:613 com.android.keychain.KeyChainBroadcastReceiver.onReceive:12 android.app.ActivityThread.handleReceiver:3011 
03-15 07:53:33.691 W/ActivityManager(  572): Unable to start service Intent { act=android.intent.action.PACKAGE_REMOVED dat=package:com.zsl.simpleplayer flg=0x4000010 cmp=com.wandoujia.phoenix2/.TaobaoIntentService (has extras) } U=0: not found
03-15 07:53:33.697 I/PushLogSC2705( 1593): [main-1]action is android.intent.action.PACKAGE_REMOVED(snake/Unknown:-1)
03-15 07:53:33.704 I/PushLogSC2705( 1593): [Thread-4-52]get uniqueId from device is empty or all 0(snake/Unknown:-1)
03-15 07:53:33.708 I/PushLogSC2705( 1593): [main-1]PushService:onCreate()(snake/Unknown:-1)
03-15 07:53:33.719 I/ActivityManager(  572): START u0 {flg=0x10800000 cmp=com.estrongs.android.pop/.app.InstallMonitorActivity (has extras)} from uid 10058 on display 0
03-15 07:53:33.749 W/ResourceType( 1178): No package identifier when getting value for resource number 0x00000000
03-15 07:53:33.764 I/art     ( 1178): Do partial code cache collection, code=29KB, data=23KB
03-15 07:53:33.764 I/art     ( 1178): After code cache collection, code=29KB, data=23KB
03-15 07:53:33.764 I/art     ( 1178): Increasing code cache capacity to 128KB
03-15 07:53:33.788 W/InputMethodManagerService(  572): Window already focused, ignoring focus gain of: com.android.internal.view.IInputMethodClient$Stub$Proxy@7a2e0ad attribute=null, token = android.os.BinderProxy@62c0a00
03-15 07:53:33.830 I/PushLogSC2705( 1593): [main-1]no push client, stop push apk service(snake/Unknown:-1)
03-15 07:53:33.836 I/PushLogSC2705( 1593): [main-1]PushService onStartCommand(snake/Unknown:-1)
03-15 07:53:33.858 D/AndroidRuntime(20487): >>>>>> START com.android.internal.os.RuntimeInit uid 2000 <<<<<<
03-15 07:53:33.861 D/AndroidRuntime(20487): CheckJNI is OFF
03-15 07:53:33.882 I/ResponseProcessCookies( 1657): Cookie store not available in HTTP context
03-15 07:53:33.941 I/PushLogSC2705( 1593): [main-1]action is android.intent.action.PACKAGE_ADDED(snake/Unknown:-1)
03-15 07:53:33.950 I/PushLogSC2705( 1593): [main-1]run push selfshow(snake/Unknown:-1)
03-15 07:53:33.950 D/ICU     (20487): No timezone override file found: /data/misc/zoneinfo/current/icu/icu_tzdata.dat
03-15 07:53:33.957 I/PushLogSC2705( 1593): [main-1]PushService onStartCommand(snake/Unknown:-1)
03-15 07:53:33.984 I/Radio-JNI(20487): register_android_hardware_Radio DONE
03-15 07:53:34.003 D/AndroidRuntime(20487): Calling main entry com.android.commands.am.Am
03-15 07:53:34.009 I/ActivityManager(  572): START u0 {act=android.intent.action.MAIN cat=[android.intent.category.LAUNCHER] flg=0x10000000 cmp=com.zsl.simpleplayer/.FileBrowser} from uid 2000 on display 0
03-15 07:53:34.017 D/AndroidRuntime(20487): Shutting down VM
03-15 07:53:34.030 I/ActivityManager(  572): Start proc 20527:com.zsl.simpleplayer/u0a78 for activity com.zsl.simpleplayer/.FileBrowser
03-15 07:53:34.037 I/art     (20527): Late-enabling -Xcheck:jni
03-15 07:53:34.228 I/OpenGLRenderer(20527): Initialized EGL, version 1.4
03-15 07:53:34.228 D/OpenGLRenderer(20527): Swap behavior 2
03-15 07:53:34.485 I/ActivityManager(  572): Displayed com.zsl.simpleplayer/.FileBrowser: +467ms
03-15 07:53:34.673 I/WindowManager(  572): Destroying surface Surface(name=Starting com.zsl.simpleplayer) called by com.android.server.wm.WindowStateAnimator.destroySurface:2014 com.android.server.wm.WindowStateAnimator.destroySurfaceLocked:881 com.android.server.wm.WindowState.destroyOrSaveSurface:2073 com.android.server.wm.AppWindowToken.destroySurfaces:363 com.android.server.wm.WindowStateAnimator.finishExit:565 com.android.server.wm.WindowStateAnimator.stepAnimationLocked:491 com.android.server.wm.WindowAnimator.updateWindowsLocked:303 com.android.server.wm.WindowAnimator.animateLocked:704 
03-15 07:53:34.866 I/WindowManager(  572): Destroying surface Surface(name=com.android.launcher3/com.android.launcher3.Launcher) called by com.android.server.wm.WindowStateAnimator.destroySurface:2014 com.android.server.wm.WindowStateAnimator.destroySurfaceLocked:881 com.android.server.wm.WindowState.destroyOrSaveSurface:2073 com.android.server.wm.AppWindowToken.destroySurfaces:363 com.android.server.wm.AppWindowToken.notifyAppStopped:389 com.android.server.wm.WindowManagerService.notifyAppStopped:4456 com.android.server.am.ActivityStack.activityStoppedLocked:1252 com.android.server.am.ActivityManagerService.activityStopped:6873 
03-15 07:53:38.851 I/PushLogSC2705( 1593): [main-1]enter PushService:onDestroy(), needExitService is:true(snake/Unknown:-1)
03-15 07:53:38.914 W/System.err( 1178): com.google.android.gms.common.GooglePlayServicesNotAvailableException
03-15 07:53:38.915 W/System.err( 1178): 	at com.google.android.gms.ads.identifier.AdvertisingIdClient.zzp(Unknown Source)
03-15 07:53:38.915 W/System.err( 1178): 	at com.google.android.gms.ads.identifier.AdvertisingIdClient.zzb(Unknown Source)
03-15 07:53:38.915 W/System.err( 1178): 	at com.google.android.gms.ads.identifier.AdvertisingIdClient.getAdvertisingIdInfo(Unknown Source)
03-15 07:53:38.915 W/System.err( 1178): 	at com.duapps.ad.base.h.a(Unknown Source)
03-15 07:53:38.915 W/System.err( 1178): 	at com.duapps.ad.base.i.a(Unknown Source)
03-15 07:53:38.915 W/System.err( 1178): 	at com.duapps.ad.stats.x.a(Unknown Source)
03-15 07:53:38.916 W/System.err( 1178): 	at com.duapps.ad.stats.x.a(Unknown Source)
03-15 07:53:38.916 W/System.err( 1178): 	at com.duapps.ad.stats.x.handleMessage(Unknown Source)
03-15 07:53:38.916 W/System.err( 1178): 	at android.os.Handler.dispatchMessage(Handler.java:98)
03-15 07:53:38.916 W/System.err( 1178): 	at android.os.Looper.loop(Looper.java:154)
03-15 07:53:38.916 W/System.err( 1178): 	at android.os.HandlerThread.run(HandlerThread.java:61)
03-15 07:53:39.157 I/ActivityManager(  572): START u0 {cmp=com.zsl.simpleplayer/.PlayerActivity (has extras)} from uid 10078 on display 0
03-15 07:53:39.189 I/ActivityManager(  572): Config changes=480 {1.0 ?mcc?mnc [en_US] ldltr sw768dp w1024dp h696dp 320dpi xlrg land finger -keyb/v/h -nav/h s.19}
03-15 07:53:39.236 I/InputReader(  572): Reconfiguring input devices.  changes=0x00000004
03-15 07:53:39.236 I/InputReader(  572): Device reconfigured: id=1, name='synaptics_dsx', size 1536x2048, orientation 1, mode 1, display id 0
03-15 07:53:39.237 I/InputReader(  572): Reconfiguring input devices.  changes=0x00000004
03-15 07:53:39.281 D/GrailPlayer(20527): jint JNI_OnLoad(JavaVM*, void*)
03-15 07:53:39.282 D/GrailPlayer(20527): jint register_com_perference_AppProperty(JNIEnv*)
03-15 07:53:39.282 D/GrailPlayer(20527): jint register_com_perference_AppProperty(JNIEnv*) result = 0
03-15 07:53:39.282 D/GrailPlayer(20527): jint JNI_OnLoad(JavaVM*, void*) result = 65540
03-15 07:53:39.286 D/GrailPlayer(20527): jint JNI_OnLoad(JavaVM*, void*)
03-15 07:53:39.286 D/GrailPlayer(20527): jint register_com_perference_AppProperty(JNIEnv*)
03-15 07:53:39.286 D/GrailPlayer(20527): jint register_com_perference_AppProperty(JNIEnv*) result = 0
03-15 07:53:39.286 D/GrailPlayer(20527): jint JNI_OnLoad(JavaVM*, void*) result = 65540
03-15 07:53:39.288 D/GrailPlayer(20527): jint JNI_OnLoad(JavaVM*, void*)
03-15 07:53:39.288 D/GrailPlayer(20527): jint register_com_perference_AppProperty(JNIEnv*)
03-15 07:53:39.288 D/GrailPlayer(20527): jint register_com_perference_AppProperty(JNIEnv*) result = 0
03-15 07:53:39.289 D/GrailPlayer(20527): jint JNI_OnLoad(JavaVM*, void*) result = 65540
03-15 07:53:39.290 D/GrailPlayer(20527): jint JNI_OnLoad(JavaVM*, void*)
03-15 07:53:39.290 D/GrailPlayer(20527): jint register_com_perference_AppProperty(JNIEnv*)
03-15 07:53:39.290 D/GrailPlayer(20527): jint register_com_perference_AppProperty(JNIEnv*) result = 0
03-15 07:53:39.290 D/GrailPlayer(20527): jint JNI_OnLoad(JavaVM*, void*) result = 65540
03-15 07:53:39.292 D/GrailPlayer(20527): jint JNI_OnLoad(JavaVM*, void*)
03-15 07:53:39.292 D/GrailPlayer(20527): jint register_com_perference_AppProperty(JNIEnv*)
03-15 07:53:39.293 D/GrailPlayer(20527): jint register_com_perference_AppProperty(JNIEnv*) result = 0
03-15 07:53:39.293 D/GrailPlayer(20527): jint JNI_OnLoad(JavaVM*, void*) result = 65540
03-15 07:53:39.295 D/GrailPlayer(20527): jint JNI_OnLoad(JavaVM*, void*)
03-15 07:53:39.295 D/GrailPlayer(20527): jint register_com_perference_AppProperty(JNIEnv*)
03-15 07:53:39.295 D/GrailPlayer(20527): jint register_com_perference_AppProperty(JNIEnv*) result = 0
03-15 07:53:39.295 D/GrailPlayer(20527): jint JNI_OnLoad(JavaVM*, void*) result = 65540
03-15 07:53:39.296 D/GrailPlayer(20527): jint JNI_OnLoad(JavaVM*, void*)
03-15 07:53:39.296 D/GrailPlayer(20527): jint register_com_perference_AppProperty(JNIEnv*)
03-15 07:53:39.296 D/GrailPlayer(20527): jint register_com_perference_AppProperty(JNIEnv*) result = 0
03-15 07:53:39.296 D/GrailPlayer(20527): jint JNI_OnLoad(JavaVM*, void*) result = 65540
03-15 07:53:39.301 D/GrailPlayer(20527): jint JNI_OnLoad(JavaVM*, void*)
03-15 07:53:39.301 D/GrailPlayer(20527): jint register_com_real_GrailPlayer(JNIEnv*)
03-15 07:53:39.302 D/GrailPlayer(20527): jint register_com_real_GrailPlayer(JNIEnv*) result = 0
03-15 07:53:39.302 D/GrailPlayer(20527): jint JNI_OnLoad(JavaVM*, void*) result = 65540
03-15 07:53:39.303 D/RMHDPlayer(20527): setDataSource()... /sdcard/Ethereal.video.4.9M-MWC2017-Persence-by-Tolga.rmhd
03-15 07:53:39.303 D/RMHDPlayer(20527): prepare()...
03-15 07:53:39.303 D/Property(20527): Property  init ok
03-15 07:53:39.303 D/SDL     (20527): Lib dir: /data/app/com.zsl.simpleplayer-1/lib/arm
03-15 07:53:39.304 I/SDL     (20527): SDL_Android_Init()
03-15 07:53:39.305 I/SDL     (20527): SDL_Android_Init() finished!
03-15 07:53:39.305 D/GrailPlayer(20527): Dummy main function in order to fulfill SDL requirement.
03-15 07:53:39.308 D/GrailPlayer(20527): android_media_GrailPlayer_native_init
03-15 07:53:39.312 V/GrailPlayer(20527): native_setup
03-15 07:53:39.312 V/SDL     (20527): player:setDataSource
03-15 07:53:39.312 D/SDL     (20527): SDLActivity pos: 0
03-15 07:53:39.312 V/GrailPlayer(20527): setDataSource: path /sdcard/Ethereal.video.4.9M-MWC2017-Persence-by-Tolga.rmhd
03-15 07:53:39.312 D/GrailPlayer(20527): setDataSource url(/sdcard/Ethereal.video.4.9M-MWC2017-Persence-by-Tolga.rmhd)
03-15 07:53:39.312 D/GrailPlayer(20527): ffPlayInit url(/sdcard/Ethereal.video.4.9M-MWC2017-Persence-by-Tolga.rmhd)
03-15 07:53:39.317 D/ffplay  (20527): stream_open
03-15 07:53:39.324 D/ffplay  (20527): stream_open, 4771, audio sync master!
03-15 07:53:39.324 D/ffplay  (20527): pre_read_thread:4254 is:0xd0300000
03-15 07:53:39.324 E/ffplay  (20527): added by joeli at pre_read_thread,4279 name:/sdcard/Ethereal.video.4.9M-MWC2017-Persence-by-Tolga.rmhd
03-15 07:53:39.324 E/ffplay  (20527): added by joeli at pre_read_thread,4283 rm/rmhd
03-15 07:53:39.353 D/ffplay  (20527): pre_read_thread avformat_open_input err(0)
03-15 07:53:39.353 D/ffplay  (20527): pre_read_thread avformat_open_input err(Success) 
03-15 07:53:39.675 D/ffplay  (20527): pre_read_thread avformat_find_stream_info err(0)
03-15 07:53:39.675 E/ffplay  (20527): added by joeli at pre_read_thread,4397
03-15 07:53:39.675 E/ffplay  (20527): added by joeli at pre_read_thread,4404 w:1620, h:912
03-15 07:53:39.675 E/ffplay  (20527): added by joeli at pre_read_thread,4408
03-15 07:53:39.676 D/GrailPlayer(20527): ffPlayInit err(0) 
03-15 07:53:39.676 D/GrailPlayer(20527): setDataSource err(0) 
03-15 07:53:39.682 D/RMHDPlayer(20527): getSurfaceView()...
03-15 07:53:39.682 V/GrailPlayer(20527): setNativeWorkingMode
03-15 07:53:39.682 V/GrailPlayer(20527): isHLSStream
03-15 07:53:39.694 I/WindowManager(  572): Destroying surface Surface(name=com.zsl.simpleplayer/com.zsl.simpleplayer.FileBrowser) called by com.android.server.wm.WindowStateAnimator.destroySurface:2014 com.android.server.wm.WindowStateAnimator.destroySurfaceLocked:881 com.android.server.wm.WindowState.destroyOrSaveSurface:2073 com.android.server.wm.WindowManagerService.tryStartExitingAnimation:3017 com.android.server.wm.WindowManagerService.relayoutWindow:2897 com.android.server.wm.Session.relayout:215 android.view.IWindowSession$Stub.onTransact:286 com.android.server.wm.Session.onTransact:136 
03-15 07:53:39.719 V/SDL     (20527): surfaceCreated()
03-15 07:53:39.719 D/GrailPlayer(20527): setVideoSurface 
03-15 07:53:39.719 D/GrailPlayer(20527): setVideoSurface do nothing
03-15 07:53:39.719 D/GrailPlayer(20527): setVideoSurface err(-2147483648) 
03-15 07:53:39.719 V/SDL     (20527): surfaceChanged()
03-15 07:53:39.719 V/SDL     (20527): pixel format RGB_565
03-15 07:53:39.719 V/SDL     (20527): Window size:2048x1392
03-15 07:53:39.719 V/GrailPlayer(20527): onNativeSurfaceChanged
03-15 07:53:39.719 D/SDL     (20527): handleResume()
03-15 07:53:39.719 V/SDL     (20527): nativeResume()
03-15 07:53:39.719 D/GrailPlayer(20527): isPlaying
03-15 07:53:39.719 V/GrailPlayer(20527): isPlaying: 0
03-15 07:53:39.720 D/GrailPlayer(20527): start
03-15 07:53:39.720 V/GrailPlayer(20527): start
03-15 07:53:39.720 D/GrailPlayer(20527): start mVideoState(0xd0300000) 2
03-15 07:53:39.720 D/GrailPlayer(20527): start err(-38) 
03-15 07:53:39.720 D/SDL     (20527): runOnTryToPlayVideo()
03-15 07:53:39.720 D/GrailPlayer(20527): prepare 
03-15 07:53:39.720 V/GrailPlayer(20527): GetResolution 249 RV60 codec_id 135169 with 2496x1404 resolution
03-15 07:53:39.720 V/GrailPlayer(20527): added at prepare,303  rmhd
03-15 07:53:39.720 V/GrailPlayer(20527): added at prepare,321  rmhd
03-15 07:53:39.720 D/GrailPlayer(20527): notify msg=5 ext1=2496 ext2=1404
03-15 07:53:39.720 D/GrailPlayer(20527): postEventFromNative:5 arg1 2496 arg2 1404
03-15 07:53:39.720 D/GrailPlayer(20527): notify msg=1 ext1=0 ext2=0
03-15 07:53:39.720 D/GrailPlayer(20527): postEventFromNative:1 arg1 0 arg2 0
03-15 07:53:39.721 D/GrailPlayer(20527): Enter playbackThreadEntry
03-15 07:53:39.729 D/GrailPlayer(20527): nelson create render
03-15 07:53:39.759 D/GrailPlayer(20527): Library function SetCallback return ok
03-15 07:53:39.760 D/GrailPlayer(20527): Library function SetParameter_logSetting return ok
03-15 07:53:39.760 D/GrailPlayer(20527): Library function SetParameter_enable return ok
03-15 07:53:39.760 D/GrailPlayer(20527): Library function SetParameter_displaymodeSetting return ok
03-15 07:53:39.760 D/GrailPlayer(20527): Library function SetSurface return ok
03-15 07:53:39.761 D/ffplay  (20527): added by joeli at video_open,2384__________
03-15 07:53:39.761 D/ffplay  (20527): read_thread 4476 gNativeWindow:0xea18e508
03-15 07:53:39.764 D/GrailPlayer(20527): prepare err(0) 
03-15 07:53:39.804 D/GrailPlayer(20527): handleMessage called
03-15 07:53:39.804 D/GrailPlayer(20527): MEDIA_SET_VIDEO_SIZE
03-15 07:53:39.804 D/GrailPlayer(20527): handleMessage called
03-15 07:53:39.804 D/GrailPlayer(20527): MEDIA_PREPARED
03-15 07:53:39.804 D/RMHDPlayer(20527): start()...
03-15 07:53:39.804 D/SDL     (20527): handleResume()
03-15 07:53:39.804 I/ActivityManager(  572): Displayed com.zsl.simpleplayer/.PlayerActivity: +636ms
03-15 07:53:39.804 V/SDL     (20527): nativeResume()
03-15 07:53:39.804 D/GrailPlayer(20527): isPlaying
03-15 07:53:39.804 V/GrailPlayer(20527): isPlaying: 0
03-15 07:53:39.805 D/GrailPlayer(20527): start
03-15 07:53:39.805 V/GrailPlayer(20527): start
03-15 07:53:39.805 D/GrailPlayer(20527): start mVideoState(0xd0300000) 8
03-15 07:53:39.805 D/GrailPlayer(20527): start err(0) 
03-15 07:53:39.805 D/SDL     (20527): runOnTryToPlayVideo()
03-15 07:53:39.805 D/GrailPlayer(20527): getDuration
03-15 07:53:39.805 D/GrailPlayer(20527): getDuration duration = 181735
03-15 07:53:39.805 V/GrailPlayer(20527): getDuration: 181735 (msec)
03-15 07:53:39.807 I/WindowManager(  572): Screen frozen for +639ms due to Window{d7909cb u0 com.zsl.simpleplayer/com.zsl.simpleplayer.PlayerActivity}
03-15 07:53:39.810 D/GrailPlayer(20527): start
03-15 07:53:39.810 V/GrailPlayer(20527): start
03-15 07:53:39.810 D/GrailPlayer(20527): start mVideoState(0xd0300000) 10
03-15 07:53:39.810 D/GrailPlayer(20527): start err(0) 
03-15 07:53:39.811 D/SDL     (20527): onPrepared
03-15 07:53:40.002 E/ffplay  (20527): added at read_thread,4509 filename:/sdcard/Ethereal.video.4.9M-MWC2017-Persence-by-Tolga.rmhd 
03-15 07:53:40.087 D/ffplay  (20527): jamesli ----line: 350, avcodec_decode_video2: time_consuming: [84] ms, ret = 0, got_frame = 0
03-15 07:53:40.131 D/ffplay  (20527): jamesli ----line: 350, avcodec_decode_video2: time_consuming: [45] ms, ret = 0, got_frame = 0
03-15 07:53:40.155 D/ffplay  (20527): jamesli ----line: 350, avcodec_decode_video2: time_consuming: [23] ms, ret = 0, got_frame = 0
03-15 07:53:40.185 D/ffplay  (20527): jamesli ----line: 350, avcodec_decode_video2: time_consuming: [29] ms, ret = 1278, got_frame = 1
03-15 07:53:40.231 D/ffplay  (20527): jamesli ----line: 350, avcodec_decode_video2: time_consuming: [46] ms, ret = 9805, got_frame = 1
03-15 07:53:40.248 D/ffplay  (20527): HLS pictq: 1, sampq: 0, videoq: 601, audioq: 0
03-15 07:53:40.248 D/ffplay  (20527): HLS seamless finish  pict 0 frame 33
03-15 07:53:40.249 D/ffplay  (20527): jamesli ----line: 1938, SDL_RenderPresent: time_consuming: [1] ms
03-15 07:53:40.279 D/ffplay  (20527): jamesli ----line: 350, avcodec_decode_video2: time_consuming: [40] ms, ret = 614, got_frame = 1
03-15 07:53:40.297 D/ffplay  (20527): jamesli ----line: 1941, SDL_UpdateTexture: time_consuming: [48] ms
03-15 07:53:40.311 D/GrailPlayer(20527): getCurrentPosition
03-15 07:53:40.311 D/GrailPlayer(20527): getCurrentPosition msec = 0
03-15 07:53:40.311 V/GrailPlayer(20527): getCurrentPosition: 0 (msec)
03-15 07:53:40.312 D/ffplay  (20527): jamesli ----line: 1938, SDL_RenderPresent: time_consuming: [2] ms
03-15 07:53:40.327 D/ffplay  (20527): jamesli ----line: 1941, SDL_UpdateTexture: time_consuming: [16] ms
03-15 07:53:40.336 D/ffplay  (20527): jamesli ----line: 350, avcodec_decode_video2: time_consuming: [39] ms, ret = 1928, got_frame = 1
03-15 07:53:40.382 D/ffplay  (20527): jamesli ----line: 350, avcodec_decode_video2: time_consuming: [45] ms, ret = 14017, got_frame = 1
03-15 07:53:40.409 D/ffplay  (20527): jamesli ----line: 350, avcodec_decode_video2: time_consuming: [28] ms, ret = 594, got_frame = 1
03-15 07:53:40.434 D/ffplay  (20527): jamesli ----line: 350, avcodec_decode_video2: time_consuming: [25] ms, ret = 1772, got_frame = 1
03-15 07:53:40.478 D/ffplay  (20527): jamesli ----line: 350, avcodec_decode_video2: time_consuming: [43] ms, ret = 17701, got_frame = 1
03-15 07:53:40.503 D/ffplay  (20527): jamesli ----line: 350, avcodec_decode_video2: time_consuming: [25] ms, ret = 775, got_frame = 1
03-15 07:53:40.525 D/ffplay  (20527): jamesli ----line: 350, avcodec_decode_video2: time_consuming: [23] ms, ret = 1763, got_frame = 1
03-15 07:53:40.565 D/ffplay  (20527): jamesli ----line: 350, avcodec_decode_video2: time_consuming: [39] ms, ret = 20566, got_frame = 1
03-15 07:53:40.588 D/ffplay  (20527): jamesli ----line: 350, avcodec_decode_video2: time_consuming: [23] ms, ret = 960, got_frame = 1
03-15 07:53:40.604 D/ffplay  (20527): jamesli ----line: 1938, SDL_RenderPresent: time_consuming: [1] ms
03-15 07:53:40.610 D/ffplay  (20527): jamesli ----line: 1941, SDL_UpdateTexture: time_consuming: [6] ms
03-15 07:53:40.618 D/ffplay  (20527): jamesli ----line: 350, avcodec_decode_video2: time_consuming: [26] ms, ret = 2033, got_frame = 1
03-15 07:53:40.649 D/ffplay  (20527): jamesli ----line: 1938, SDL_RenderPresent: time_consuming: [1] ms
03-15 07:53:40.657 D/ffplay  (20527): jamesli ----line: 1941, SDL_UpdateTexture: time_consuming: [7] ms
03-15 07:53:40.674 D/ffplay  (20527): jamesli ----line: 350, avcodec_decode_video2: time_consuming: [53] ms, ret = 22652, got_frame = 1
03-15 07:53:40.688 D/ffplay  (20527): jamesli ----line: 1938, SDL_RenderPresent: time_consuming: [0] ms
03-15 07:53:40.692 D/ffplay  (20527): jamesli ----line: 1941, SDL_UpdateTexture: time_consuming: [5] ms
03-15 07:53:40.707 D/ffplay  (20527): jamesli ----line: 350, avcodec_decode_video2: time_consuming: [28] ms, ret = 1271, got_frame = 1
03-15 07:53:40.724 D/ffplay  (20527): jamesli ----line: 1938, SDL_RenderPresent: time_consuming: [2] ms
03-15 07:53:40.727 D/ffplay  (20527): jamesli ----line: 1941, SDL_UpdateTexture: time_consuming: [2] ms
03-15 07:53:40.742 D/ffplay  (20527): jamesli ----line: 350, avcodec_decode_video2: time_consuming: [30] ms, ret = 2515, got_frame = 1
03-15 07:53:40.758 D/ffplay  (20527): jamesli ----line: 1938, SDL_RenderPresent: time_consuming: [1] ms
03-15 07:53:40.765 D/ffplay  (20527): jamesli ----line: 1941, SDL_UpdateTexture: time_consuming: [6] ms
03-15 07:53:40.794 D/ffplay  (20527): jamesli ----line: 350, avcodec_decode_video2: time_consuming: [46] ms, ret = 24712, got_frame = 1
03-15 07:53:40.811 D/GrailPlayer(20527): getCurrentPosition
03-15 07:53:40.811 D/GrailPlayer(20527): getCurrentPosition msec = 0
03-15 07:53:40.811 V/GrailPlayer(20527): getCurrentPosition: 0 (msec)
03-15 07:53:40.819 D/ffplay  (20527): jamesli ----line: 350, avcodec_decode_video2: time_consuming: [25] ms, ret = 1492, got_frame = 1
03-15 07:53:40.847 D/ffplay  (20527): jamesli ----line: 350, avcodec_decode_video2: time_consuming: [27] ms, ret = 2675, got_frame = 1
03-15 07:53:40.858 D/ffplay  (20527): jamesli ----line: 1938, SDL_RenderPresent: time_consuming: [1] ms
03-15 07:53:40.863 D/ffplay  (20527): jamesli ----line: 1941, SDL_UpdateTexture: time_consuming: [5] ms
03-15 07:53:40.895 D/ffplay  (20527): jamesli ----line: 350, avcodec_decode_video2: time_consuming: [47] ms, ret = 27018, got_frame = 1
03-15 07:53:40.916 D/ffplay  (20527): jamesli ----line: 350, avcodec_decode_video2: time_consuming: [21] ms, ret = 1735, got_frame = 1
03-15 07:53:40.942 D/ffplay  (20527): jamesli ----line: 350, avcodec_decode_video2: time_consuming: [26] ms, ret = 2828, got_frame = 1
03-15 07:53:40.956 D/ffplay  (20527): jamesli ----line: 1938, SDL_RenderPresent: time_consuming: [0] ms
03-15 07:53:40.961 D/ffplay  (20527): jamesli ----line: 1941, SDL_UpdateTexture: time_consuming: [5] ms
03-15 07:53:40.992 D/ffplay  (20527): jamesli ----line: 350, avcodec_decode_video2: time_consuming: [47] ms, ret = 35610, got_frame = 1
03-15 07:53:41.021 D/ffplay  (20527): jamesli ----line: 350, avcodec_decode_video2: time_consuming: [28] ms, ret = 2632, got_frame = 1
03-15 07:53:41.043 D/ffplay  (20527): jamesli ----line: 350, avcodec_decode_video2: time_consuming: [22] ms, ret = 3433, got_frame = 1
03-15 07:53:41.054 D/ffplay  (20527): jamesli ----line: 1938, SDL_RenderPresent: time_consuming: [0] ms
03-15 07:53:41.059 D/ffplay  (20527): jamesli ----line: 1941, SDL_UpdateTexture: time_consuming: [6] ms
03-15 07:53:41.093 D/ffplay  (20527): jamesli ----line: 350, avcodec_decode_video2: time_consuming: [49] ms, ret = 35041, got_frame = 1
03-15 07:53:41.121 D/ffplay  (20527): jamesli ----line: 350, avcodec_decode_video2: time_consuming: [28] ms, ret = 2698, got_frame = 1
03-15 07:53:41.146 D/ffplay  (20527): jamesli ----line: 350, avcodec_decode_video2: time_consuming: [25] ms, ret = 3972, got_frame = 1
03-15 07:53:41.162 D/ffplay  (20527): jamesli ----line: 1938, SDL_RenderPresent: time_consuming: [1] ms
03-15 07:53:41.165 D/ffplay  (20527): jamesli ----line: 1941, SDL_UpdateTexture: time_consuming: [4] ms
03-15 07:53:41.199 D/ffplay  (20527): jamesli ----line: 350, avcodec_decode_video2: time_consuming: [48] ms, ret = 37046, got_frame = 1
03-15 07:53:41.223 D/ffplay  (20527): jamesli ----line: 350, avcodec_decode_video2: time_consuming: [24] ms, ret = 2794, got_frame = 1
03-15 07:53:41.246 D/ffplay  (20527): jamesli ----line: 350, avcodec_decode_video2: time_consuming: [24] ms, ret = 4119, got_frame = 1
03-15 07:53:41.258 D/ffplay  (20527): jamesli ----line: 1938, SDL_RenderPresent: time_consuming: [1] ms
03-15 07:53:41.260 D/ffplay  (20527): jamesli ----line: 1941, SDL_UpdateTexture: time_consuming: [3] ms
03-15 07:53:41.299 D/ffplay  (20527): jamesli ----line: 350, avcodec_decode_video2: time_consuming: [51] ms, ret = 38639, got_frame = 1
03-15 07:53:41.311 D/GrailPlayer(20527): getCurrentPosition
03-15 07:53:41.312 D/GrailPlayer(20527): getCurrentPosition msec = 1000
03-15 07:53:41.312 V/GrailPlayer(20527): getCurrentPosition: 1000 (msec)
03-15 07:53:41.329 D/ffplay  (20527): jamesli ----line: 350, avcodec_decode_video2: time_consuming: [30] ms, ret = 3194, got_frame = 1
03-15 07:53:41.355 D/ffplay  (20527): jamesli ----line: 350, avcodec_decode_video2: time_consuming: [25] ms, ret = 4417, got_frame = 1
03-15 07:53:41.398 D/ffplay  (20527): jamesli ----line: 350, avcodec_decode_video2: time_consuming: [43] ms, ret = 40706, got_frame = 1
03-15 07:53:41.426 D/ffplay  (20527): jamesli ----line: 350, avcodec_decode_video2: time_consuming: [27] ms, ret = 3562, got_frame = 1
03-15 07:53:41.452 D/ffplay  (20527): jamesli ----line: 350, avcodec_decode_video2: time_consuming: [25] ms, ret = 5314, got_frame = 1
03-15 07:53:41.495 D/ffplay  (20527): jamesli ----line: 350, avcodec_decode_video2: time_consuming: [43] ms, ret = 42759, got_frame = 1
03-15 07:53:41.522 D/ffplay  (20527): jamesli ----line: 350, avcodec_decode_video2: time_consuming: [26] ms, ret = 3891, got_frame = 1
03-15 07:53:41.545 D/ffplay  (20527): jamesli ----line: 350, avcodec_decode_video2: time_consuming: [22] ms, ret = 5488, got_frame = 1
03-15 07:53:41.560 D/ffplay  (20527): jamesli ----line: 1938, SDL_RenderPresent: time_consuming: [1] ms
03-15 07:53:41.565 D/ffplay  (20527): jamesli ----line: 1941, SDL_UpdateTexture: time_consuming: [5] ms
03-15 07:53:41.597 D/ffplay  (20527): jamesli ----line: 350, avcodec_decode_video2: time_consuming: [48] ms, ret = 45109, got_frame = 1
03-15 07:53:41.626 D/ffplay  (20527): jamesli ----line: 350, avcodec_decode_video2: time_consuming: [29] ms, ret = 4304, got_frame = 1
03-15 07:53:41.651 D/ffplay  (20527): jamesli ----line: 350, avcodec_decode_video2: time_consuming: [25] ms, ret = 6012, got_frame = 1
03-15 07:53:41.697 D/ffplay  (20527): jamesli ----line: 350, avcodec_decode_video2: time_consuming: [46] ms, ret = 39212, got_frame = 1
03-15 07:53:41.722 D/ffplay  (20527): jamesli ----line: 350, avcodec_decode_video2: time_consuming: [24] ms, ret = 4576, got_frame = 1
03-15 07:53:41.750 D/ffplay  (20527): jamesli ----line: 350, avcodec_decode_video2: time_consuming: [29] ms, ret = 9468, got_frame = 1
03-15 07:53:41.800 D/ffplay  (20527): jamesli ----line: 350, avcodec_decode_video2: time_consuming: [49] ms, ret = 43888, got_frame = 1
03-15 07:53:41.811 D/GrailPlayer(20527): getCurrentPosition
03-15 07:53:41.811 D/GrailPlayer(20527): getCurrentPosition msec = 1000
03-15 07:53:41.811 V/GrailPlayer(20527): getCurrentPosition: 1000 (msec)
03-15 07:53:41.813 I/art     (  572): Starting a blocking GC Explicit
03-15 07:53:41.843 D/ffplay  (20527): jamesli ----line: 350, avcodec_decode_video2: time_consuming: [44] ms, ret = 5673, got_frame = 1
03-15 07:53:41.883 I/art     (  572): Explicit concurrent mark sweep GC freed 39145(2MB) AllocSpace objects, 7(188KB) LOS objects, 33% free, 14MB/21MB, paused 781us total 63.818ms
03-15 07:53:41.901 D/ffplay  (20527): jamesli ----line: 350, avcodec_decode_video2: time_consuming: [57] ms, ret = 10126, got_frame = 1
03-15 07:53:41.947 D/ffplay  (20527): jamesli ----line: 350, avcodec_decode_video2: time_consuming: [45] ms, ret = 54978, got_frame = 1
03-15 07:53:41.975 D/ffplay  (20527): jamesli ----line: 350, avcodec_decode_video2: time_consuming: [28] ms, ret = 6355, got_frame = 1
03-15 07:53:42.012 D/ffplay  (20527): jamesli ----line: 350, avcodec_decode_video2: time_consuming: [37] ms, ret = 8125, got_frame = 1
03-15 07:53:42.064 D/ffplay  (20527): jamesli ----line: 350, avcodec_decode_video2: time_consuming: [53] ms, ret = 54138, got_frame = 1
03-15 07:53:42.094 D/ffplay  (20527): jamesli ----line: 350, avcodec_decode_video2: time_consuming: [29] ms, ret = 5376, got_frame = 1
03-15 07:53:42.119 D/ffplay  (20527): jamesli ----line: 350, avcodec_decode_video2: time_consuming: [25] ms, ret = 7816, got_frame = 1
03-15 07:53:42.167 D/ffplay  (20527): jamesli ----line: 350, avcodec_decode_video2: time_consuming: [48] ms, ret = 50980, got_frame = 1
03-15 07:53:42.196 D/ffplay  (20527): jamesli ----line: 350, avcodec_decode_video2: time_consuming: [28] ms, ret = 5896, got_frame = 1
03-15 07:53:42.219 D/ffplay  (20527): jamesli ----line: 350, avcodec_decode_video2: time_consuming: [23] ms, ret = 7461, got_frame = 1
03-15 07:53:42.261 D/ffplay  (20527): jamesli ----line: 350, avcodec_decode_video2: time_consuming: [43] ms, ret = 41860, got_frame = 1
03-15 07:53:42.293 D/ffplay  (20527): jamesli ----line: 350, avcodec_decode_video2: time_consuming: [31] ms, ret = 4867, got_frame = 1
03-15 07:53:42.311 D/GrailPlayer(20527): getCurrentPosition
03-15 07:53:42.311 D/GrailPlayer(20527): getCurrentPosition msec = 2000
03-15 07:53:42.312 V/GrailPlayer(20527): getCurrentPosition: 2000 (msec)
03-15 07:53:42.322 D/ffplay  (20527): jamesli ----line: 350, avcodec_decode_video2: time_consuming: [30] ms, ret = 8155, got_frame = 1
03-15 07:53:42.369 D/ffplay  (20527): jamesli ----line: 350, avcodec_decode_video2: time_consuming: [47] ms, ret = 46982, got_frame = 1
03-15 07:53:42.401 D/ffplay  (20527): jamesli ----line: 350, avcodec_decode_video2: time_consuming: [31] ms, ret = 5831, got_frame = 1
03-15 07:53:42.429 D/ffplay  (20527): jamesli ----line: 350, avcodec_decode_video2: time_consuming: [27] ms, ret = 8083, got_frame = 1
03-15 07:53:42.474 D/ffplay  (20527): jamesli ----line: 350, avcodec_decode_video2: time_consuming: [45] ms, ret = 53525, got_frame = 1
03-15 07:53:42.504 D/ffplay  (20527): jamesli ----line: 350, avcodec_decode_video2: time_consuming: [29] ms, ret = 5905, got_frame = 1
03-15 07:53:42.530 D/ffplay  (20527): jamesli ----line: 350, avcodec_decode_video2: time_consuming: [26] ms, ret = 7285, got_frame = 1
03-15 07:53:42.577 D/ffplay  (20527): jamesli ----line: 350, avcodec_decode_video2: time_consuming: [48] ms, ret = 54661, got_frame = 1
03-15 07:53:42.604 D/ffplay  (20527): jamesli ----line: 350, avcodec_decode_video2: time_consuming: [26] ms, ret = 6439, got_frame = 1
03-15 07:53:42.633 D/ffplay  (20527): jamesli ----line: 350, avcodec_decode_video2: time_consuming: [29] ms, ret = 7896, got_frame = 1
03-15 07:53:42.678 D/ffplay  (20527): jamesli ----line: 350, avcodec_decode_video2: time_consuming: [46] ms, ret = 56668, got_frame = 1
03-15 07:53:42.707 D/ffplay  (20527): jamesli ----line: 350, avcodec_decode_video2: time_consuming: [29] ms, ret = 6291, got_frame = 1
03-15 07:53:42.734 D/ffplay  (20527): jamesli ----line: 350, avcodec_decode_video2: time_consuming: [27] ms, ret = 8341, got_frame = 1
03-15 07:53:42.776 D/ffplay  (20527): jamesli ----line: 350, avcodec_decode_video2: time_consuming: [42] ms, ret = 43073, got_frame = 1
03-15 07:53:42.802 D/ffplay  (20527): jamesli ----line: 350, avcodec_decode_video2: time_consuming: [26] ms, ret = 5231, got_frame = 1
03-15 07:53:42.811 D/GrailPlayer(20527): getCurrentPosition
03-15 07:53:42.811 D/GrailPlayer(20527): getCurrentPosition msec = 2000
03-15 07:53:42.811 V/GrailPlayer(20527): getCurrentPosition: 2000 (msec)
03-15 07:53:42.832 D/ffplay  (20527): jamesli ----line: 350, avcodec_decode_video2: time_consuming: [30] ms, ret = 8286, got_frame = 1
03-15 07:53:42.874 D/ffplay  (20527): jamesli ----line: 350, avcodec_decode_video2: time_consuming: [41] ms, ret = 28869, got_frame = 1
03-15 07:53:42.900 D/ffplay  (20527): jamesli ----line: 350, avcodec_decode_video2: time_consuming: [26] ms, ret = 4215, got_frame = 1
03-15 07:53:42.926 D/ffplay  (20527): jamesli ----line: 350, avcodec_decode_video2: time_consuming: [25] ms, ret = 5974, got_frame = 1
03-15 07:53:42.963 D/ffplay  (20527): jamesli ----line: 350, avcodec_decode_video2: time_consuming: [37] ms, ret = 21514, got_frame = 1
03-15 07:53:42.990 D/ffplay  (20527): jamesli ----line: 350, avcodec_decode_video2: time_consuming: [26] ms, ret = 3055, got_frame = 1
03-15 07:53:43.014 D/ffplay  (20527): jamesli ----line: 350, avcodec_decode_video2: time_consuming: [24] ms, ret = 4420, got_frame = 1
03-15 07:53:43.056 D/ffplay  (20527): jamesli ----line: 350, avcodec_decode_video2: time_consuming: [42] ms, ret = 45156, got_frame = 1
03-15 07:53:43.083 D/ffplay  (20527): jamesli ----line: 350, avcodec_decode_video2: time_consuming: [27] ms, ret = 6556, got_frame = 1
03-15 07:53:43.108 D/ffplay  (20527): jamesli ----line: 350, avcodec_decode_video2: time_consuming: [25] ms, ret = 6890, got_frame = 1
03-15 07:53:43.158 D/ffplay  (20527): jamesli ----line: 350, avcodec_decode_video2: time_consuming: [49] ms, ret = 54187, got_frame = 1
03-15 07:53:43.187 D/ffplay  (20527): jamesli ----line: 350, avcodec_decode_video2: time_consuming: [29] ms, ret = 7199, got_frame = 1
03-15 07:53:43.212 D/ffplay  (20527): jamesli ----line: 350, avcodec_decode_video2: time_consuming: [25] ms, ret = 8413, got_frame = 1
03-15 07:53:43.256 D/ffplay  (20527): jamesli ----line: 350, avcodec_decode_video2: time_consuming: [43] ms, ret = 37137, got_frame = 1
03-15 07:53:43.288 D/ffplay  (20527): jamesli ----line: 350, avcodec_decode_video2: time_consuming: [31] ms, ret = 5227, got_frame = 1
03-15 07:53:43.311 D/GrailPlayer(20527): getCurrentPosition
03-15 07:53:43.311 D/GrailPlayer(20527): getCurrentPosition msec = 3000
03-15 07:53:43.311 V/GrailPlayer(20527): getCurrentPosition: 3000 (msec)
03-15 07:53:43.315 D/ffplay  (20527): jamesli ----line: 350, avcodec_decode_video2: time_consuming: [27] ms, ret = 7508, got_frame = 1
03-15 07:53:43.362 D/ffplay  (20527): jamesli ----line: 350, avcodec_decode_video2: time_consuming: [47] ms, ret = 31849, got_frame = 1
03-15 07:53:43.390 D/ffplay  (20527): jamesli ----line: 350, avcodec_decode_video2: time_consuming: [28] ms, ret = 4497, got_frame = 1
03-15 07:53:43.421 D/ffplay  (20527): jamesli ----line: 350, avcodec_decode_video2: time_consuming: [31] ms, ret = 6382, got_frame = 1
03-15 07:53:43.457 D/ffplay  (20527): jamesli ----line: 350, avcodec_decode_video2: time_consuming: [35] ms, ret = 28176, got_frame = 1
03-15 07:53:43.481 D/ffplay  (20527): jamesli ----line: 350, avcodec_decode_video2: time_consuming: [24] ms, ret = 4258, got_frame = 1
03-15 07:53:43.508 D/ffplay  (20527): jamesli ----line: 350, avcodec_decode_video2: time_consuming: [27] ms, ret = 5164, got_frame = 1
03-15 07:53:43.555 D/ffplay  (20527): jamesli ----line: 350, avcodec_decode_video2: time_consuming: [46] ms, ret = 55422, got_frame = 1
03-15 07:53:43.585 D/ffplay  (20527): jamesli ----line: 350, avcodec_decode_video2: time_consuming: [31] ms, ret = 9139, got_frame = 1
03-15 07:53:43.612 D/ffplay  (20527): jamesli ----line: 350, avcodec_decode_video2: time_consuming: [27] ms, ret = 8978, got_frame = 1
03-15 07:53:43.652 D/ffplay  (20527): jamesli ----line: 350, avcodec_decode_video2: time_consuming: [39] ms, ret = 36718, got_frame = 1
03-15 07:53:43.684 D/ffplay  (20527): jamesli ----line: 350, avcodec_decode_video2: time_consuming: [31] ms, ret = 5367, got_frame = 1
03-15 07:53:43.712 D/ffplay  (20527): jamesli ----line: 350, avcodec_decode_video2: time_consuming: [28] ms, ret = 7366, got_frame = 1
03-15 07:53:43.749 D/ffplay  (20527): jamesli ----line: 350, avcodec_decode_video2: time_consuming: [37] ms, ret = 41023, got_frame = 1
03-15 07:53:43.773 D/ffplay  (20527): jamesli ----line: 350, avcodec_decode_video2: time_consuming: [24] ms, ret = 5766, got_frame = 1
03-15 07:53:43.801 D/ffplay  (20527): jamesli ----line: 350, avcodec_decode_video2: time_consuming: [28] ms, ret = 7588, got_frame = 1
03-15 07:53:43.812 D/GrailPlayer(20527): getCurrentPosition
03-15 07:53:43.812 D/GrailPlayer(20527): getCurrentPosition msec = 3000
03-15 07:53:43.812 V/GrailPlayer(20527): getCurrentPosition: 3000 (msec)
03-15 07:53:43.855 D/ffplay  (20527): jamesli ----line: 350, avcodec_decode_video2: time_consuming: [53] ms, ret = 43668, got_frame = 1
03-15 07:53:43.883 D/ffplay  (20527): jamesli ----line: 350, avcodec_decode_video2: time_consuming: [29] ms, ret = 6094, got_frame = 1
03-15 07:53:43.908 D/ffplay  (20527): jamesli ----line: 350, avcodec_decode_video2: time_consuming: [25] ms, ret = 7992, got_frame = 1
03-15 07:53:43.950 D/ffplay  (20527): jamesli ----line: 350, avcodec_decode_video2: time_consuming: [42] ms, ret = 46550, got_frame = 1
03-15 07:53:43.976 D/ffplay  (20527): jamesli ----line: 350, avcodec_decode_video2: time_consuming: [25] ms, ret = 6140, got_frame = 1
03-15 07:53:44.004 D/ffplay  (20527): jamesli ----line: 350, avcodec_decode_video2: time_consuming: [28] ms, ret = 8868, got_frame = 1
03-15 07:53:44.048 D/ffplay  (20527): jamesli ----line: 350, avcodec_decode_video2: time_consuming: [44] ms, ret = 47901, got_frame = 1
03-15 07:53:44.075 D/ffplay  (20527): jamesli ----line: 350, avcodec_decode_video2: time_consuming: [27] ms, ret = 6900, got_frame = 1
03-15 07:53:44.103 D/ffplay  (20527): jamesli ----line: 350, avcodec_decode_video2: time_consuming: [27] ms, ret = 8802, got_frame = 1
03-15 07:53:44.149 D/ffplay  (20527): jamesli ----line: 350, avcodec_decode_video2: time_consuming: [45] ms, ret = 49271, got_frame = 1
03-15 07:53:44.175 D/ffplay  (20527): jamesli ----line: 350, avcodec_decode_video2: time_consuming: [27] ms, ret = 7246, got_frame = 1
03-15 07:53:44.204 D/ffplay  (20527): jamesli ----line: 350, avcodec_decode_video2: time_consuming: [29] ms, ret = 9391, got_frame = 1
03-15 07:53:44.245 D/ffplay  (20527): jamesli ----line: 350, avcodec_decode_video2: time_consuming: [40] ms, ret = 38551, got_frame = 1
03-15 07:53:44.269 D/ffplay  (20527): jamesli ----line: 350, avcodec_decode_video2: time_consuming: [24] ms, ret = 6096, got_frame = 1
03-15 07:53:44.296 D/ffplay  (20527): jamesli ----line: 350, avcodec_decode_video2: time_consuming: [26] ms, ret = 7895, got_frame = 1
03-15 07:53:44.312 D/GrailPlayer(20527): getCurrentPosition
03-15 07:53:44.312 D/GrailPlayer(20527): getCurrentPosition msec = 4000
03-15 07:53:44.312 V/GrailPlayer(20527): getCurrentPosition: 4000 (msec)
03-15 07:53:44.346 D/ffplay  (20527): jamesli ----line: 350, avcodec_decode_video2: time_consuming: [50] ms, ret = 43301, got_frame = 1
03-15 07:53:44.372 D/ffplay  (20527): jamesli ----line: 350, avcodec_decode_video2: time_consuming: [25] ms, ret = 6709, got_frame = 1
03-15 07:53:44.398 D/ffplay  (20527): jamesli ----line: 350, avcodec_decode_video2: time_consuming: [25] ms, ret = 8573, got_frame = 1
03-15 07:53:44.438 D/ffplay  (20527): jamesli ----line: 350, avcodec_decode_video2: time_consuming: [41] ms, ret = 46178, got_frame = 1
03-15 07:53:44.465 D/ffplay  (20527): jamesli ----line: 350, avcodec_decode_video2: time_consuming: [26] ms, ret = 7253, got_frame = 1
03-15 07:53:44.487 D/ffplay  (20527): jamesli ----line: 350, avcodec_decode_video2: time_consuming: [22] ms, ret = 8981, got_frame = 1
03-15 07:53:44.531 D/ffplay  (20527): jamesli ----line: 350, avcodec_decode_video2: time_consuming: [44] ms, ret = 46889, got_frame = 1
